rafaelbeirigo@LTI-PROJETO-TM:~$ cd ql
rafaelbeirigo@LTI-PROJETO-TM:~/ql$ ./RL-PRQL.py experiments/83/PRQL/
Running experiment 1 of 100
pr:  1066 ql:  934
Running experiment 2 of 100
pr:  984 ql:  1016
Running experiment 3 of 100
pr:  1038 ql:  962
Running experiment 4 of 100
pr:  865 ql:  1135
Running experiment 5 of 100
pr:  859 ql:  1141
Running experiment 6 of 100
pr:  1043 ql:  957
Running experiment 7 of 100
pr:  1769 ql:  231
Running experiment 8 of 100
pr:  1767 ql:  233
Running experiment 9 of 100
pr:  679 ql:  1321
Running experiment 10 of 100
pr:  513 ql:  1487
Running experiment 11 of 100
pr:  1418 ql:  582
Running experiment 12 of 100
pr:  619 ql:  1381
Running experiment 13 of 100
pr:  892 ql:  1108
Running experiment 14 of 100
pr:  1148 ql:  852
Running experiment 15 of 100
pr:  1769 ql:  231
Running experiment 16 of 100
pr:  1724 ql:  276
Running experiment 17 of 100
pr:  751 ql:  1249
Running experiment 18 of 100
pr:  1737 ql:  263
Running experiment 19 of 100
pr:  1775 ql:  225
Running experiment 20 of 100
pr:  892 ql:  1108
Running experiment 21 of 100
pr:  677 ql:  1323
Running experiment 22 of 100
pr:  738 ql:  1262
Running experiment 23 of 100
pr:  710 ql:  1290
Running experiment 24 of 100
pr:  1770 ql:  230
Running experiment 25 of 100
pr:  1335 ql:  665
Running experiment 26 of 100
pr:  1682 ql:  318
Running experiment 27 of 100
pr:  1702 ql:  298
Running experiment 28 of 100
pr:  1759 ql:  241
Running experiment 29 of 100
pr:  1716 ql:  284
Running experiment 30 of 100
pr:  1292 ql:  708
Running experiment 31 of 100
pr:  848 ql:  1152
Running experiment 32 of 100
pr:  668 ql:  1332
Running experiment 33 of 100
pr:  1159 ql:  841
Running experiment 34 of 100
pr:  744 ql:  1256
Running experiment 35 of 100
pr:  733 ql:  1267
Running experiment 36 of 100
pr:  831 ql:  1169
Running experiment 37 of 100
pr:  1219 ql:  781
Running experiment 38 of 100
pr:  1764 ql:  236
Running experiment 39 of 100
pr:  1235 ql:  765
Running experiment 40 of 100
pr:  1778 ql:  222
Running experiment 41 of 100
pr:  1162 ql:  838
Running experiment 42 of 100
pr:  1789 ql:  211
Running experiment 43 of 100
pr:  698 ql:  1302
Running experiment 44 of 100
pr:  1096 ql:  904
Running experiment 45 of 100
pr:  880 ql:  1120
Running experiment 46 of 100
pr:  1744 ql:  256
Running experiment 47 of 100
pr:  1641 ql:  359
Running experiment 48 of 100
pr:  978 ql:  1022
Running experiment 49 of 100
pr:  840 ql:  1160
Running experiment 50 of 100
pr:  1770 ql:  230
Running experiment 51 of 100
pr:  1779 ql:  221
Running experiment 52 of 100
pr:  1799 ql:  201
Running experiment 53 of 100
pr:  798 ql:  1202
Running experiment 54 of 100
pr:  1769 ql:  231
Running experiment 55 of 100
pr:  1449 ql:  551
Running experiment 56 of 100
pr:  790 ql:  1210
Running experiment 57 of 100
pr:  1770 ql:  230
Running experiment 58 of 100
pr:  1225 ql:  775
Running experiment 59 of 100
pr:  1727 ql:  273
Running experiment 60 of 100
pr:  692 ql:  1308
Running experiment 61 of 100
pr:  900 ql:  1100
Running experiment 62 of 100
pr:  1655 ql:  345
Running experiment 63 of 100
pr:  1320 ql:  680
Running experiment 64 of 100
pr:  1724 ql:  276
Running experiment 65 of 100
pr:  1766 ql:  234
Running experiment 66 of 100
pr:  1640 ql:  360
Running experiment 67 of 100
pr:  844 ql:  1156
Running experiment 68 of 100
pr:  1633 ql:  367
Running experiment 69 of 100
pr:  1695 ql:  305
Running experiment 70 of 100
pr:  949 ql:  1051
Running experiment 71 of 100
pr:  1780 ql:  220
Running experiment 72 of 100
pr:  1167 ql:  833
Running experiment 73 of 100
pr:  985 ql:  1015
Running experiment 74 of 100
pr:  1754 ql:  246
Running experiment 75 of 100
pr:  1658 ql:  342
Running experiment 76 of 100
pr:  680 ql:  1320
Running experiment 77 of 100
pr:  1803 ql:  197
Running experiment 78 of 100
pr:  1648 ql:  352
Running experiment 79 of 100
pr:  1615 ql:  385
Running experiment 80 of 100
pr:  1771 ql:  229
Running experiment 81 of 100
pr:  1749 ql:  251
Running experiment 82 of 100
pr:  1739 ql:  261
Running experiment 83 of 100
pr:  1667 ql:  333
Running experiment 84 of 100
pr:  1719 ql:  281
Running experiment 85 of 100
pr:  809 ql:  1191
Running experiment 86 of 100
pr:  947 ql:  1053
Running experiment 87 of 100
pr:  585 ql:  1415
Running experiment 88 of 100
pr:  1795 ql:  205
Running experiment 89 of 100
pr:  1642 ql:  358
Running experiment 90 of 100
pr:  1182 ql:  818
Running experiment 91 of 100
pr:  1754 ql:  246
Running experiment 92 of 100
pr:  1009 ql:  991
Running experiment 93 of 100
pr:  1702 ql:  298
Running experiment 94 of 100
pr:  1811 ql:  189
Running experiment 95 of 100
pr:  1780 ql:  220
Running experiment 96 of 100
pr:  781 ql:  1219
Running experiment 97 of 100
pr:  753 ql:  1247
Running experiment 98 of 100
pr:  1770 ql:  230
Running experiment 99 of 100
pr:  1446 ql:  554
Running experiment 100 of 100
pr:  1263 ql:  737
rafaelbeirigo@LTI-PROJETO-TM:~/ql$ Running experiment 99 of 100
Running: command not found
rafaelbeirigo@LTI-PROJETO-TM:~/ql$ ./RL-PRQL.py experiments/105/PRQL/
Running experiment 1 of 10
pr:  1813 ql:  187
Running experiment 2 of 10
pr:  1802 ql:  198
Running experiment 3 of 10
pr:  500 ql:  1500
Running experiment 4 of 10
pr:  1439 ql:  561
Running experiment 5 of 10
pr:  1012 ql:  988
Running experiment 6 of 10
pr:  1738 ql:  262
Running experiment 7 of 10
pr:  1759 ql:  241
Running experiment 8 of 10
pr:  1428 ql:  572
Running experiment 9 of 10
pr:  1280 ql:  720
Running experiment 10 of 10
pr:  809 ql:  1191
rafaelbeirigo@LTI-PROJETO-TM:~/ql$ ./RL-PRQL.py experiments/105/PRQL/