rafaelbeirigo@LTI-PROJETO-TM:~$cd ql
rafaelbeirigo@LTI-PROJETO-TM:~/ql$ ./RL-PRQL.py experiments/80/PRQL/
Running experiment 1 of 100
  C-c C-cTraceback (most recent call last):
  File "./RL-PRQL.py", line 74, in <module>
    main()
  File "./RL-PRQL.py", line 49, in main
    W, Ws = myPRQLearning.execute()
  File "/home/rafaelbeirigo/Dropbox/IC-Rafael/QLearning/python/PRQLearning.py", line 88, in execute
    R, Ws_dump = myQLearning.execute()
  File "/home/rafaelbeirigo/Dropbox/IC-Rafael/QLearning/python/QLearning.py", line 74, in execute
    s2, r = myAgent.executeAction(a)
  File "/home/rafaelbeirigo/Dropbox/IC-Rafael/QLearning/python/Agent.py", line 24, in executeAction
    s2, r = self.MDP.executeAction(a, self.state)
  File "/home/rafaelbeirigo/Dropbox/IC-Rafael/QLearning/python/MDP.py", line 126, in executeAction
    if T[s][a][s1] > 0.0:
KeyboardInterrupt
rafaelbeirigo@LTI-PROJETO-TM:~/ql$ time ./RL-PRQL.py experiments/80/PRQL/
Running experiment 1 of 100
pr:  417 ql:  1583
Running experiment 2 of 100
pr:  554 ql:  1446
Running experiment 3 of 100
pr:  347 ql:  1653
Running experiment 4 of 100
pr:  414 ql:  1586
Running experiment 5 of 100
pr:  354 ql:  1646
Running experiment 6 of 100
pr:  352 ql:  1648
Running experiment 7 of 100
pr:  277 ql:  1723
Running experiment 8 of 100
pr:  400 ql:  1600
Running experiment 9 of 100
pr:  448 ql:  1552
Running experiment 10 of 100
pr:  363 ql:  1637
Running experiment 11 of 100
pr:  402 ql:  1598
Running experiment 12 of 100
pr:  346 ql:  1654
Running experiment 13 of 100
pr:  713 ql:  1287
Running experiment 14 of 100
pr:  318 ql:  1682
Running experiment 15 of 100
pr:  385 ql:  1615
Running experiment 16 of 100
pr:  579 ql:  1421
Running experiment 17 of 100
pr:  349 ql:  1651
Running experiment 18 of 100
pr:  408 ql:  1592
Running experiment 19 of 100
pr:  358 ql:  1642
Running experiment 20 of 100
pr:  316 ql:  1684
Running experiment 21 of 100
pr:  547 ql:  1453
Running experiment 22 of 100
pr:  486 ql:  1514
Running experiment 23 of 100
pr:  256 ql:  1744
Running experiment 24 of 100
pr:  319 ql:  1681
Running experiment 25 of 100
pr:  301 ql:  1699
Running experiment 26 of 100
pr:  341 ql:  1659
Running experiment 27 of 100
pr:  410 ql:  1590
Running experiment 28 of 100
pr:  428 ql:  1572
Running experiment 29 of 100
pr:  418 ql:  1582
Running experiment 30 of 100
pr:  374 ql:  1626
Running experiment 31 of 100
pr:  367 ql:  1633
Running experiment 32 of 100
pr:  340 ql:  1660
Running experiment 33 of 100
pr:  468 ql:  1532
Running experiment 34 of 100
pr:  348 ql:  1652
Running experiment 35 of 100
pr:  278 ql:  1722
Running experiment 36 of 100
pr:  373 ql:  1627
Running experiment 37 of 100
pr:  390 ql:  1610
Running experiment 38 of 100
pr:  411 ql:  1589
Running experiment 39 of 100
pr:  428 ql:  1572
Running experiment 40 of 100
pr:  323 ql:  1677
Running experiment 41 of 100
pr:  391 ql:  1609
Running experiment 42 of 100
pr:  524 ql:  1476
Running experiment 43 of 100
pr:  326 ql:  1674
Running experiment 44 of 100
pr:  407 ql:  1593
Running experiment 45 of 100
pr:  477 ql:  1523
Running experiment 46 of 100
pr:  369 ql:  1631
Running experiment 47 of 100
pr:  327 ql:  1673
Running experiment 48 of 100
pr:  477 ql:  1523
Running experiment 49 of 100
pr:  683 ql:  1317
Running experiment 50 of 100
pr:  356 ql:  1644
Running experiment 51 of 100
pr:  494 ql:  1506
Running experiment 52 of 100
pr:  307 ql:  1693
Running experiment 53 of 100
pr:  246 ql:  1754
Running experiment 54 of 100
pr:  346 ql:  1654
Running experiment 55 of 100
pr:  440 ql:  1560
Running experiment 56 of 100
pr:  310 ql:  1690
Running experiment 57 of 100
pr:  319 ql:  1681
Running experiment 58 of 100
pr:  423 ql:  1577
Running experiment 59 of 100
pr:  425 ql:  1575
Running experiment 60 of 100
pr:  395 ql:  1605
Running experiment 61 of 100
pr:  331 ql:  1669
Running experiment 62 of 100
pr:  373 ql:  1627
Running experiment 63 of 100
pr:  465 ql:  1535
Running experiment 64 of 100
pr:  368 ql:  1632
Running experiment 65 of 100
pr:  496 ql:  1504
Running experiment 66 of 100
pr:  328 ql:  1672
Running experiment 67 of 100
pr:  445 ql:  1555
Running experiment 68 of 100
pr:  451 ql:  1549
Running experiment 69 of 100
pr:  474 ql:  1526
Running experiment 70 of 100
pr:  347 ql:  1653
Running experiment 71 of 100
pr:  519 ql:  1481
Running experiment 72 of 100
pr:  361 ql:  1639
Running experiment 73 of 100
pr:  406 ql:  1594
Running experiment 74 of 100
pr:  471 ql:  1529
Running experiment 75 of 100
pr:  385 ql:  1615
Running experiment 76 of 100
pr:  349 ql:  1651
Running experiment 77 of 100
pr:  299 ql:  1701
Running experiment 78 of 100
pr:  417 ql:  1583
Running experiment 79 of 100
pr:  467 ql:  1533
Running experiment 80 of 100
pr:  416 ql:  1584
Running experiment 81 of 100
pr:  383 ql:  1617
Running experiment 82 of 100
pr:  403 ql:  1597
Running experiment 83 of 100
pr:  424 ql:  1576
Running experiment 84 of 100
pr:  493 ql:  1507
Running experiment 85 of 100
pr:  394 ql:  1606
Running experiment 86 of 100
pr:  363 ql:  1637
Running experiment 87 of 100
pr:  389 ql:  1611
Running experiment 88 of 100
pr:  530 ql:  1470
Running experiment 89 of 100
pr:  298 ql:  1702
Running experiment 90 of 100
pr:  337 ql:  1663
Running experiment 91 of 100
pr:  483 ql:  1517
Running experiment 92 of 100
pr:  345 ql:  1655
Running experiment 93 of 100
pr:  322 ql:  1678
Running experiment 94 of 100
pr:  373 ql:  1627
Running experiment 95 of 100
pr:  350 ql:  1650
Running experiment 96 of 100
pr:  408 ql:  1592
Running experiment 97 of 100
pr:  522 ql:  1478
Running experiment 98 of 100
pr:  357 ql:  1643
Running experiment 99 of 100
pr:  418 ql:  1582
Running experiment 100 of 100
pr:  317 ql:  1683

real	222m8.304s
user	46m23.470s
sys	0m1.540s
rafaelbeirigo@LTI-PROJETO-TM:~/ql$ time ./RL-PRQL.py experiments/102/PRQL/
Running experiment 1 of 10
pr:  401 ql:  1599
Running experiment 2 of 10
pr:  328 ql:  1672
Running experiment 3 of 10
pr:  429 ql:  1571
Running experiment 4 of 10
pr:  339 ql:  1661
Running experiment 5 of 10
pr:  448 ql:  1552
Running experiment 6 of 10
pr:  463 ql:  1537
Running experiment 7 of 10
pr:  448 ql:  1552
Running experiment 8 of 10
pr:  362 ql:  1638
Running experiment 9 of 10
pr:  322 ql:  1678
Running experiment 10 of 10
pr:  434 ql:  1566

real	20m53.690s
user	4m58.820s
sys	0m0.100s
rafaelbeirigo@LTI-PROJETO-TM:~/ql$ time ./RL-PRQL.py experiments/102/PRQL/