rafaelbeirigo@LTI-PROJETO-TM:~$ /RL-PRQL.py experiments/53/PRQL/
bash: /RL-PRQL.py: No such file or directory
rafaelbeirigo@LTI-PROJETO-TM:~$ /RL-PRQL.py experiments/53  C-c C-c
rafaelbeirigo@LTI-PROJETO-TM:~$ cd ql
rafaelbeirigo@LTI-PROJETO-TM:~/ql$ /RL-PRQL.py experiments/51/PRQL/
bash: /RL-PRQL.py: No such file or directory
rafaelbeirigo@LTI-PROJETO-TM:~/ql$ ./RL-PRQL.py experiments/53/PRQL/
Running experiment 1 of 10
Traceback (most recent call last):
  File "./RL-PRQL.py", line 73, in <module>
    main()
  File "./RL-PRQL.py", line 47, in main
    filePath         = filePath)
  File "/home/rafaelbeirigo/Dropbox/IC-Rafael/QLearning/python/PRQLearning.py", line 41, in __init__
    self.L = self.loadPolicies()
  File "/home/rafaelbeirigo/Dropbox/IC-Rafael/QLearning/python/PRQLearning.py", line 250, in loadPolicies
    Pi = self.loadPolicy(policiesPath + '/' + policyFile)
  File "/home/rafaelbeirigo/Dropbox/IC-Rafael/QLearning/python/PRQLearning.py", line 270, in loadPolicy
    s, a, p = line.rstrip('\n').split(' ')
ValueError: need more than 2 values to unpack
rafaelbeirigo@LTI-PROJETO-TM:~/ql$ ./RL-PRQL.py experiments/53/PRQL/
Running experiment 1 of 10
pr:  403 ql:  1597
Running experiment 2 of 10
pr:  275 ql:  1725
Running experiment 3 of 10
pr:  340 ql:  1660
Running experiment 4 of 10
pr:  312 ql:  1688
Running experiment 5 of 10
pr:  331 ql:  1669
Running experiment 6 of 10
pr:  359 ql:  1641
Running experiment 7 of 10
pr:  395 ql:  1605
Running experiment 8 of 10
pr:  359 ql:  1641
Running experiment 9 of 10
pr:  454 ql:  1546
Running experiment 10 of 10
pr:  311 ql:  1689
rafaelbeirigo@LTI-PROJETO-TM:~/ql$ 